{"message" : "could not upload file", "error" : "unsupported mime type uploaded: text/plain; charset=utf-8"}