{"message" : "could not upload file", "error" : "could not upload file to storage backend"}