{"message" : "could not upload file", "error" : files could not be found in key from http request: form-field}