{"message" : "could not upload file", "error" : validation failed (form-field): unsupported mime type uploaded: text/plain}