{"message" : "could not upload file", "error" : could not upload file: upload failed for (form-field)}